// Jest Snapshot v1, https://goo.gl/fbAQLP

exports[`probando <ListOfTecnologias/> debe montarse correctamente 1`] = `
<div>
  <h3
    className="text-letra font-medium dark:text-letraDark"
  >
    Tecnologias implementadas
  </h3>
  <ul
    className="flex gap-2 flex-wrap py-2"
  >
    <li
      className="px-2 py-1 border border-bordes rounded-full"
      key="react"
    >
      <span>
        react
      </span>
    </li>
    <li
      className="px-2 py-1 border border-bordes rounded-full"
      key="js"
    >
      <span>
        js
      </span>
    </li>
    <li
      className="px-2 py-1 border border-bordes rounded-full"
      key="css"
    >
      <span>
        css
      </span>
    </li>
    <li
      className="px-2 py-1 border border-bordes rounded-full"
      key="html"
    >
      <span>
        html
      </span>
    </li>
  </ul>
</div>
`;
