// Jest Snapshot v1, https://goo.gl/fbAQLP

exports[`probando <NavBarFooter/> debe montarse correctamente 1`] = `
<nav
  className="bg-base dark:bg-baseDark flex w-full sm:hidden fixed bottom-0 transition-transform duration-500 px-4 py-2 border-t z-10  border-bordes"
  id="navFooter"
>
  <div
    className="sm:gap-4 flex-grow sm:flex-grow-0 sm:hidden flex w-full justify-between"
  >
    <a
      className="sm:hover:bg-blue-200 dark:sm:hover:bg-gris flex flex-col sm:flex-row items-center transition-colors duration-150 rounded-lg sm:px-4 sm:py-2 py-0 font-medium"
      href="/#inicio"
    >
      <i
        className="sm:mr-2 fa-solid fa-house"
      />
      <span
        className="text-xs"
      >
        inicio
      </span>
    </a>
    <a
      className="sm:hover:bg-blue-200 dark:sm:hover:bg-gris flex flex-col sm:flex-row items-center transition-colors duration-150 rounded-lg sm:px-4 sm:py-2 py-0 font-medium"
      href="/#sobremi"
    >
      <i
        className="sm:mr-2 fa-solid fa-user"
      />
      <span
        className="text-xs"
      >
        sobre m√≠
      </span>
    </a>
    <a
      className="sm:hover:bg-blue-200 dark:sm:hover:bg-gris flex flex-col sm:flex-row items-center transition-colors duration-150 rounded-lg sm:px-4 sm:py-2 py-0 font-medium"
      href="/#habilidades"
    >
      <i
        className="sm:mr-2 fa-solid fa-laptop-code"
      />
      <span
        className="text-xs"
      >
        habilidades
      </span>
    </a>
    <a
      className="sm:hover:bg-blue-200 dark:sm:hover:bg-gris flex flex-col sm:flex-row items-center transition-colors duration-150 rounded-lg sm:px-4 sm:py-2 py-0 font-medium"
      href="/#proyectos"
    >
      <i
        className="sm:mr-2 fa-solid fa-briefcase"
      />
      <span
        className="text-xs"
      >
        proyectos
      </span>
    </a>
  </div>
</nav>
`;
